Progress Logs
-------------
Sensors With Data in Time Range: 6
Sensors Without Data in Time Range: 0

Sensors Not Found: 0
Invalid Sensor Indexes: 0
Sensor Indexes Encountering Other Errors: 0
Sensor Indexes Not Processed: 0

Start Timestamp: 2022-01-01T00:00:00Z
End Timestamp: 2026-04-09T00:00:00Z
Average: 360
Fields: humidity,humidity_a,humidity_b,temperature,temperature_a,temperature_b,pm2.5_atm,pm2.5_atm_a,pm2.5_atm_b,pm10.0_atm,pm10.0_atm_a,pm10.0_atm_b
Total Data Rows Downloaded: 13760

Number of Sensors: 6
Number of Read Keys: 0

Download Started at: 2026-04-09T17:31:32-07:00
Download Ended   at: 2026-04-09T17:32:49-07:00
Download Took: 1.3 minutes

-------------
Sensor Indexes Not Found:


Invalid Sensor Indexes:


Sensors Without Any Data For Specified Time Period:


Sensors Where No Download Was Attempted Yet Due to Process Being Aborted:


Aborted on Sensors:


Sensors With Number of Downloaded Data Rows:
159005 : 1510 data rows
159435 : 2019 data rows
159599 : 2714 data rows
180021 : 1197 data rows
180043 : 2508 data rows
180119 : 3812 data rows
  

-------------
Starting requests for sensor 159005.
Making request 1 from 2022-01-01 to 2023-01-01
Making request 2 from 2023-01-01 to 2024-01-01
Making request 3 from 2024-01-01 to 2024-12-31
Making request 4 from 2024-12-31 to 2025-12-31
Making request 5 from 2025-12-31 to 2026-04-09
Data download completed for sensor 159005. Downloaded 1510 rows of data.

Starting requests for sensor 159435.
Making request 6 from 2022-01-01 to 2023-01-01
Making request 7 from 2023-01-01 to 2024-01-01
Making request 8 from 2024-01-01 to 2024-12-31
Making request 9 from 2024-12-31 to 2025-12-31
Making request 10 from 2025-12-31 to 2026-04-09
Data download completed for sensor 159435. Downloaded 2019 rows of data.

Starting requests for sensor 159599.
Making request 11 from 2022-01-01 to 2023-01-01
Making request 12 from 2023-01-01 to 2024-01-01
Making request 13 from 2024-01-01 to 2024-12-31
Making request 14 from 2024-12-31 to 2025-12-31
Making request 15 from 2025-12-31 to 2026-04-09
Data download completed for sensor 159599. Downloaded 2714 rows of data.

Starting requests for sensor 180021.
Making request 16 from 2022-01-01 to 2023-01-01
Making request 17 from 2023-01-01 to 2024-01-01
Making request 18 from 2024-01-01 to 2024-12-31
Making request 19 from 2024-12-31 to 2025-12-31
Making request 20 from 2025-12-31 to 2026-04-09
Data download completed for sensor 180021. Downloaded 1197 rows of data.

Starting requests for sensor 180043.
Making request 21 from 2022-01-01 to 2023-01-01
Making request 22 from 2023-01-01 to 2024-01-01
Making request 23 from 2024-01-01 to 2024-12-31
Making request 24 from 2024-12-31 to 2025-12-31
Making request 25 from 2025-12-31 to 2026-04-09
Data download completed for sensor 180043. Downloaded 2508 rows of data.

Starting requests for sensor 180119.
Making request 26 from 2022-01-01 to 2023-01-01
Making request 27 from 2023-01-01 to 2024-01-01
Making request 28 from 2024-01-01 to 2024-12-31
Making request 29 from 2024-12-31 to 2025-12-31
Making request 30 from 2025-12-31 to 2026-04-09
Data download completed for sensor 180119. Downloaded 3812 rows of data.


Download request has been completed. Scroll down for a summary:
--------------------------------------
